\BOOKMARK [0][-]{chapter.1}{\376\377\0001\000\040\000L\000o\000a\000d\000C\000e\000l\000l\000\040\000a\000n\000d\000\040\000L\000o\000a\000d\000C\000e\000l\000l\000C\000o\000n\000t\000r\000o\000l\000l\000e\000r\000\040\000l\000i\000b\000r\000a\000r\000i\000e\000s\000\040\000f\000o\000r\000\040\000A\000r\000d\000u\000i\000n\000o}{}% 1
\BOOKMARK [0][-]{chapter.2}{\376\377\0002\000\040\000T\000o\000d\000o\000\040\000L\000i\000s\000t}{}% 2
\BOOKMARK [0][-]{chapter.3}{\376\377\0003\000\040\000M\000o\000d\000u\000l\000e\000\040\000I\000n\000d\000e\000x}{}% 3
\BOOKMARK [1][-]{section.3.1}{\376\377\0003\000.\0001\000\040\000M\000o\000d\000u\000l\000e\000s}{chapter.3}% 4
\BOOKMARK [0][-]{chapter.4}{\376\377\0004\000\040\000H\000i\000e\000r\000a\000r\000c\000h\000i\000c\000a\000l\000\040\000I\000n\000d\000e\000x}{}% 5
\BOOKMARK [1][-]{section.4.1}{\376\377\0004\000.\0001\000\040\000C\000l\000a\000s\000s\000\040\000H\000i\000e\000r\000a\000r\000c\000h\000y}{chapter.4}% 6
\BOOKMARK [0][-]{chapter.5}{\376\377\0005\000\040\000C\000l\000a\000s\000s\000\040\000I\000n\000d\000e\000x}{}% 7
\BOOKMARK [1][-]{section.5.1}{\376\377\0005\000.\0001\000\040\000C\000l\000a\000s\000s\000\040\000L\000i\000s\000t}{chapter.5}% 8
\BOOKMARK [0][-]{chapter.6}{\376\377\0006\000\040\000F\000i\000l\000e\000\040\000I\000n\000d\000e\000x}{}% 9
\BOOKMARK [1][-]{section.6.1}{\376\377\0006\000.\0001\000\040\000F\000i\000l\000e\000\040\000L\000i\000s\000t}{chapter.6}% 10
\BOOKMARK [0][-]{chapter.7}{\376\377\0007\000\040\000M\000o\000d\000u\000l\000e\000\040\000D\000o\000c\000u\000m\000e\000n\000t\000a\000t\000i\000o\000n}{}% 11
\BOOKMARK [1][-]{section.7.1}{\376\377\0007\000.\0001\000\040\000L\000o\000a\000d\000C\000e\000l\000l\000\040\000f\000u\000n\000c\000t\000i\000o\000n\000s\000\040\000f\000o\000r\000\040\000L\000o\000a\000d\000C\000e\000l\000l\000C\000o\000n\000t\000r\000o\000l\000l\000e\000r}{chapter.7}% 12
\BOOKMARK [2][-]{subsection.7.1.1}{\376\377\0007\000.\0001\000.\0001\000\040\000D\000e\000t\000a\000i\000l\000e\000d\000\040\000D\000e\000s\000c\000r\000i\000p\000t\000i\000o\000n}{section.7.1}% 13
\BOOKMARK [2][-]{subsection.7.1.2}{\376\377\0007\000.\0001\000.\0002\000\040\000F\000u\000n\000c\000t\000i\000o\000n\000\040\000D\000o\000c\000u\000m\000e\000n\000t\000a\000t\000i\000o\000n}{section.7.1}% 14
\BOOKMARK [3][-]{subsubsection.7.1.2.1}{\376\377\0007\000.\0001\000.\0002\000.\0001\000\040\000b\000e\000g\000i\000n\000\050\000\051}{subsection.7.1.2}% 15
\BOOKMARK [3][-]{subsubsection.7.1.2.2}{\376\377\0007\000.\0001\000.\0002\000.\0002\000\040\000g\000e\000t\000\137\000o\000f\000f\000s\000e\000t\000\050\000\051}{subsection.7.1.2}% 16
\BOOKMARK [3][-]{subsubsection.7.1.2.3}{\376\377\0007\000.\0001\000.\0002\000.\0003\000\040\000g\000e\000t\000\137\000r\000a\000w\000\137\000v\000a\000l\000u\000e\000\050\000\051}{subsection.7.1.2}% 17
\BOOKMARK [3][-]{subsubsection.7.1.2.4}{\376\377\0007\000.\0001\000.\0002\000.\0004\000\040\000g\000e\000t\000\137\000s\000c\000a\000l\000e\000\050\000\051}{subsection.7.1.2}% 18
\BOOKMARK [3][-]{subsubsection.7.1.2.5}{\376\377\0007\000.\0001\000.\0002\000.\0005\000\040\000g\000e\000t\000\137\000s\000c\000a\000l\000e\000\137\000c\000o\000e\000f\000f\000\137\000n\000\137\000r\000e\000a\000d\000i\000n\000g\000s\000\050\000\051}{subsection.7.1.2}% 19
\BOOKMARK [3][-]{subsubsection.7.1.2.6}{\376\377\0007\000.\0001\000.\0002\000.\0006\000\040\000g\000e\000t\000\137\000t\000a\000r\000e\000\137\000n\000\137\000r\000e\000a\000d\000i\000n\000g\000s\000\050\000\051}{subsection.7.1.2}% 20
\BOOKMARK [3][-]{subsubsection.7.1.2.7}{\376\377\0007\000.\0001\000.\0002\000.\0007\000\040\000g\000e\000t\000\137\000w\000e\000i\000g\000h\000t\000\050\000\051}{subsection.7.1.2}% 21
\BOOKMARK [3][-]{subsubsection.7.1.2.8}{\376\377\0007\000.\0001\000.\0002\000.\0008\000\040\000g\000e\000t\000\137\000w\000e\000i\000g\000h\000t\000\137\000n\000\137\000r\000e\000a\000d\000i\000n\000g\000s\000\050\000\051}{subsection.7.1.2}% 22
\BOOKMARK [3][-]{subsubsection.7.1.2.9}{\376\377\0007\000.\0001\000.\0002\000.\0009\000\040\000i\000s\000\137\000r\000e\000a\000d\000y\000\050\000\051}{subsection.7.1.2}% 23
\BOOKMARK [3][-]{subsubsection.7.1.2.10}{\376\377\0007\000.\0001\000.\0002\000.\0001\0000\000\040\000p\000o\000w\000e\000r\000\137\000d\000o\000w\000n\000\050\000\051}{subsection.7.1.2}% 24
\BOOKMARK [3][-]{subsubsection.7.1.2.11}{\376\377\0007\000.\0001\000.\0002\000.\0001\0001\000\040\000p\000o\000w\000e\000r\000\137\000u\000p\000\050\000\051}{subsection.7.1.2}% 25
\BOOKMARK [3][-]{subsubsection.7.1.2.12}{\376\377\0007\000.\0001\000.\0002\000.\0001\0002\000\040\000r\000e\000a\000d\000\137\000r\000a\000w\000\137\000a\000v\000e\000r\000a\000g\000e\000\050\000\051}{subsection.7.1.2}% 26
\BOOKMARK [3][-]{subsubsection.7.1.2.13}{\376\377\0007\000.\0001\000.\0002\000.\0001\0003\000\040\000r\000e\000a\000d\000\137\000s\000c\000a\000l\000e\000\137\000c\000o\000e\000f\000f\000\137\000a\000v\000e\000r\000a\000g\000e\000\050\000\051}{subsection.7.1.2}% 27
\BOOKMARK [3][-]{subsubsection.7.1.2.14}{\376\377\0007\000.\0001\000.\0002\000.\0001\0004\000\040\000r\000e\000a\000d\000\137\000t\000a\000r\000e\000\137\000a\000v\000e\000r\000a\000g\000e\000\050\000\051}{subsection.7.1.2}% 28
\BOOKMARK [3][-]{subsubsection.7.1.2.15}{\376\377\0007\000.\0001\000.\0002\000.\0001\0005\000\040\000s\000e\000t\000\137\000a\000l\000l\000\137\000l\000o\000a\000d\000c\000e\000l\000l\000s\000\137\000s\000c\000a\000l\000e\000\137\000c\000o\000e\000f\000f\000\137\000n\000\137\000r\000e\000a\000d\000i\000n\000g\000s\000\050\000\051}{subsection.7.1.2}% 29
\BOOKMARK [3][-]{subsubsection.7.1.2.16}{\376\377\0007\000.\0001\000.\0002\000.\0001\0006\000\040\000s\000e\000t\000\137\000a\000l\000l\000\137\000l\000o\000a\000d\000c\000e\000l\000l\000s\000\137\000t\000a\000r\000e\000\137\000n\000\137\000r\000e\000a\000d\000i\000n\000g\000s\000\050\000\051}{subsection.7.1.2}% 30
\BOOKMARK [3][-]{subsubsection.7.1.2.17}{\376\377\0007\000.\0001\000.\0002\000.\0001\0007\000\040\000s\000e\000t\000\137\000a\000l\000l\000\137\000l\000o\000a\000d\000c\000e\000l\000l\000s\000\137\000w\000e\000i\000g\000h\000t\000\137\000n\000\137\000r\000e\000a\000d\000i\000n\000g\000s\000\050\000\051}{subsection.7.1.2}% 31
\BOOKMARK [3][-]{subsubsection.7.1.2.18}{\376\377\0007\000.\0001\000.\0002\000.\0001\0008\000\040\000s\000e\000t\000\137\000o\000f\000f\000s\000e\000t\000\050\000\051}{subsection.7.1.2}% 32
\BOOKMARK [3][-]{subsubsection.7.1.2.19}{\376\377\0007\000.\0001\000.\0002\000.\0001\0009\000\040\000s\000e\000t\000\137\000s\000c\000a\000l\000e\000\050\000\051}{subsection.7.1.2}% 33
\BOOKMARK [3][-]{subsubsection.7.1.2.20}{\376\377\0007\000.\0001\000.\0002\000.\0002\0000\000\040\000s\000e\000t\000\137\000s\000c\000a\000l\000e\000\137\000c\000o\000e\000f\000f\000\137\000n\000\137\000r\000e\000a\000d\000i\000n\000g\000s\000\050\000\051}{subsection.7.1.2}% 34
\BOOKMARK [3][-]{subsubsection.7.1.2.21}{\376\377\0007\000.\0001\000.\0002\000.\0002\0001\000\040\000s\000e\000t\000\137\000t\000a\000r\000e\000\137\000n\000\137\000r\000e\000a\000d\000i\000n\000g\000s\000\050\000\051}{subsection.7.1.2}% 35
\BOOKMARK [3][-]{subsubsection.7.1.2.22}{\376\377\0007\000.\0001\000.\0002\000.\0002\0002\000\040\000s\000e\000t\000\137\000w\000e\000i\000g\000h\000t\000\137\000n\000\137\000r\000e\000a\000d\000i\000n\000g\000s\000\050\000\051}{subsection.7.1.2}% 36
\BOOKMARK [3][-]{subsubsection.7.1.2.23}{\376\377\0007\000.\0001\000.\0002\000.\0002\0003\000\040\000t\000a\000r\000e\000\050\000\051}{subsection.7.1.2}% 37
\BOOKMARK [3][-]{subsubsection.7.1.2.24}{\376\377\0007\000.\0001\000.\0002\000.\0002\0004\000\040\000w\000a\000i\000t\000\137\000r\000e\000a\000d\000y\000\050\000\051}{subsection.7.1.2}% 38
\BOOKMARK [3][-]{subsubsection.7.1.2.25}{\376\377\0007\000.\0001\000.\0002\000.\0002\0005\000\040\000w\000a\000i\000t\000\137\000r\000e\000a\000d\000y\000\137\000r\000e\000t\000r\000y\000\050\000\051}{subsection.7.1.2}% 39
\BOOKMARK [3][-]{subsubsection.7.1.2.26}{\376\377\0007\000.\0001\000.\0002\000.\0002\0006\000\040\000w\000a\000i\000t\000\137\000r\000e\000a\000d\000y\000\137\000t\000i\000m\000e\000o\000u\000t\000\050\000\051}{subsection.7.1.2}% 40
\BOOKMARK [0][-]{chapter.8}{\376\377\0008\000\040\000C\000l\000a\000s\000s\000\040\000D\000o\000c\000u\000m\000e\000n\000t\000a\000t\000i\000o\000n}{}% 41
\BOOKMARK [1][-]{section.8.1}{\376\377\0008\000.\0001\000\040\000L\000o\000a\000d\000C\000e\000l\000l\000\040\000C\000l\000a\000s\000s\000\040\000R\000e\000f\000e\000r\000e\000n\000c\000e}{chapter.8}% 42
\BOOKMARK [2][-]{subsection.8.1.1}{\376\377\0008\000.\0001\000.\0001\000\040\000D\000e\000t\000a\000i\000l\000e\000d\000\040\000D\000e\000s\000c\000r\000i\000p\000t\000i\000o\000n}{section.8.1}% 43
\BOOKMARK [2][-]{subsection.8.1.2}{\376\377\0008\000.\0001\000.\0002\000\040\000M\000e\000m\000b\000e\000r\000\040\000F\000u\000n\000c\000t\000i\000o\000n\000\040\000D\000o\000c\000u\000m\000e\000n\000t\000a\000t\000i\000o\000n}{section.8.1}% 44
\BOOKMARK [3][-]{subsubsection.8.1.2.1}{\376\377\0008\000.\0001\000.\0002\000.\0001\000\040\000g\000e\000t\000\137\000r\000a\000w\000\137\000v\000a\000l\000u\000e\000\050\000\051}{subsection.8.1.2}% 45
\BOOKMARK [3][-]{subsubsection.8.1.2.2}{\376\377\0008\000.\0001\000.\0002\000.\0002\000\040\000g\000e\000t\000\137\000s\000c\000a\000l\000e\000\137\000c\000o\000e\000f\000f\000\137\000n\000\137\000r\000e\000a\000d\000i\000n\000g\000s\000\050\000\051}{subsection.8.1.2}% 46
\BOOKMARK [3][-]{subsubsection.8.1.2.3}{\376\377\0008\000.\0001\000.\0002\000.\0003\000\040\000g\000e\000t\000\137\000t\000a\000r\000e\000\137\000n\000\137\000r\000e\000a\000d\000i\000n\000g\000s\000\050\000\051}{subsection.8.1.2}% 47
\BOOKMARK [3][-]{subsubsection.8.1.2.4}{\376\377\0008\000.\0001\000.\0002\000.\0004\000\040\000g\000e\000t\000\137\000w\000e\000i\000g\000h\000t\000\050\000\051}{subsection.8.1.2}% 48
\BOOKMARK [3][-]{subsubsection.8.1.2.5}{\376\377\0008\000.\0001\000.\0002\000.\0005\000\040\000g\000e\000t\000\137\000w\000e\000i\000g\000h\000t\000\137\000n\000\137\000r\000e\000a\000d\000i\000n\000g\000s\000\050\000\051}{subsection.8.1.2}% 49
\BOOKMARK [3][-]{subsubsection.8.1.2.6}{\376\377\0008\000.\0001\000.\0002\000.\0006\000\040\000r\000e\000a\000d\000\137\000r\000a\000w\000\137\000a\000v\000e\000r\000a\000g\000e\000\050\000\051}{subsection.8.1.2}% 50
\BOOKMARK [3][-]{subsubsection.8.1.2.7}{\376\377\0008\000.\0001\000.\0002\000.\0007\000\040\000r\000e\000a\000d\000\137\000s\000c\000a\000l\000e\000\137\000c\000o\000e\000f\000f\000\137\000a\000v\000e\000r\000a\000g\000e\000\050\000\051}{subsection.8.1.2}% 51
\BOOKMARK [3][-]{subsubsection.8.1.2.8}{\376\377\0008\000.\0001\000.\0002\000.\0008\000\040\000r\000e\000a\000d\000\137\000t\000a\000r\000e\000\137\000a\000v\000e\000r\000a\000g\000e\000\050\000\051}{subsection.8.1.2}% 52
\BOOKMARK [3][-]{subsubsection.8.1.2.9}{\376\377\0008\000.\0001\000.\0002\000.\0009\000\040\000s\000e\000t\000\137\000s\000c\000a\000l\000e\000\137\000c\000o\000e\000f\000f\000\137\000n\000\137\000r\000e\000a\000d\000i\000n\000g\000s\000\050\000\051}{subsection.8.1.2}% 53
\BOOKMARK [3][-]{subsubsection.8.1.2.10}{\376\377\0008\000.\0001\000.\0002\000.\0001\0000\000\040\000s\000e\000t\000\137\000t\000a\000r\000e\000\137\000n\000\137\000r\000e\000a\000d\000i\000n\000g\000s\000\050\000\051}{subsection.8.1.2}% 54
\BOOKMARK [3][-]{subsubsection.8.1.2.11}{\376\377\0008\000.\0001\000.\0002\000.\0001\0001\000\040\000s\000e\000t\000\137\000w\000e\000i\000g\000h\000t\000\137\000n\000\137\000r\000e\000a\000d\000i\000n\000g\000s\000\050\000\051}{subsection.8.1.2}% 55
\BOOKMARK [3][-]{subsubsection.8.1.2.12}{\376\377\0008\000.\0001\000.\0002\000.\0001\0002\000\040\000t\000a\000r\000e\000\050\000\051}{subsection.8.1.2}% 56
\BOOKMARK [1][-]{section.8.2}{\376\377\0008\000.\0002\000\040\000L\000o\000a\000d\000C\000e\000l\000l\000C\000o\000n\000t\000r\000o\000l\000l\000e\000r\000\040\000C\000l\000a\000s\000s\000\040\000R\000e\000f\000e\000r\000e\000n\000c\000e}{chapter.8}% 57
\BOOKMARK [2][-]{subsection.8.2.1}{\376\377\0008\000.\0002\000.\0001\000\040\000D\000e\000t\000a\000i\000l\000e\000d\000\040\000D\000e\000s\000c\000r\000i\000p\000t\000i\000o\000n}{section.8.2}% 58
\BOOKMARK [2][-]{subsection.8.2.2}{\376\377\0008\000.\0002\000.\0002\000\040\000M\000e\000m\000b\000e\000r\000\040\000F\000u\000n\000c\000t\000i\000o\000n\000\040\000D\000o\000c\000u\000m\000e\000n\000t\000a\000t\000i\000o\000n}{section.8.2}% 59
\BOOKMARK [3][-]{subsubsection.8.2.2.1}{\376\377\0008\000.\0002\000.\0002\000.\0001\000\040\000a\000d\000d\000\137\000l\000o\000a\000d\000c\000e\000l\000l\000\050\000\051}{subsection.8.2.2}% 60
\BOOKMARK [3][-]{subsubsection.8.2.2.2}{\376\377\0008\000.\0002\000.\0002\000.\0002\000\040\000c\000a\000l\000i\000b\000r\000a\000t\000e\000\137\000b\000o\000t\000h\000\137\000p\000a\000r\000a\000m\000s\000\050\000\051}{subsection.8.2.2}% 61
\BOOKMARK [3][-]{subsubsection.8.2.2.3}{\376\377\0008\000.\0002\000.\0002\000.\0003\000\040\000c\000a\000l\000i\000b\000r\000a\000t\000e\000\137\000s\000c\000a\000l\000e\000\137\000c\000o\000e\000f\000f\000\050\000\051}{subsection.8.2.2}% 62
\BOOKMARK [3][-]{subsubsection.8.2.2.4}{\376\377\0008\000.\0002\000.\0002\000.\0004\000\040\000c\000a\000l\000i\000b\000r\000a\000t\000e\000\137\000t\000a\000r\000e\000\137\000o\000f\000f\000s\000e\000t\000\050\000\051}{subsection.8.2.2}% 63
\BOOKMARK [3][-]{subsubsection.8.2.2.5}{\376\377\0008\000.\0002\000.\0002\000.\0005\000\040\000c\000l\000e\000a\000r\000\137\000e\000e\000p\000r\000o\000m\000\050\000\051}{subsection.8.2.2}% 64
\BOOKMARK [3][-]{subsubsection.8.2.2.6}{\376\377\0008\000.\0002\000.\0002\000.\0006\000\040\000d\000e\000t\000e\000r\000m\000i\000n\000e\000\137\000o\000f\000f\000s\000e\000t\000\050\000\051}{subsection.8.2.2}% 65
\BOOKMARK [3][-]{subsubsection.8.2.2.7}{\376\377\0008\000.\0002\000.\0002\000.\0007\000\040\000d\000e\000t\000e\000r\000m\000i\000n\000e\000\137\000s\000c\000a\000l\000e\000\137\000c\000o\000e\000f\000f\000\050\000\051}{subsection.8.2.2}% 66
\BOOKMARK [3][-]{subsubsection.8.2.2.8}{\376\377\0008\000.\0002\000.\0002\000.\0008\000\040\000e\000a\000s\000y\000\137\000c\000a\000l\000i\000b\000r\000a\000t\000i\000o\000n\000\137\000w\000i\000t\000h\000\137\000p\000a\000r\000a\000m\000s\000\050\000\051}{subsection.8.2.2}% 67
\BOOKMARK [3][-]{subsubsection.8.2.2.9}{\376\377\0008\000.\0002\000.\0002\000.\0009\000\040\000e\000a\000s\000y\000\137\000h\000a\000n\000d\000l\000e\000\137\000e\000x\000c\000e\000p\000t\000i\000o\000n\000s\000\050\000\051}{subsection.8.2.2}% 68
\BOOKMARK [3][-]{subsubsection.8.2.2.10}{\376\377\0008\000.\0002\000.\0002\000.\0001\0000\000\040\000e\000a\000s\000y\000\137\000r\000e\000a\000d\000\137\000f\000r\000o\000m\000\137\000e\000e\000p\000r\000o\000m\000\137\000w\000i\000t\000h\000\137\000p\000a\000r\000a\000m\000s\000\050\000\051}{subsection.8.2.2}% 69
\BOOKMARK [3][-]{subsubsection.8.2.2.11}{\376\377\0008\000.\0002\000.\0002\000.\0001\0001\000\040\000e\000a\000s\000y\000\137\000s\000a\000v\000e\000\137\000t\000o\000\137\000e\000e\000p\000r\000o\000m\000\137\000w\000i\000t\000h\000\137\000p\000a\000r\000a\000m\000s\000\050\000\051}{subsection.8.2.2}% 70
\BOOKMARK [3][-]{subsubsection.8.2.2.12}{\376\377\0008\000.\0002\000.\0002\000.\0001\0002\000\040\000e\000a\000s\000y\000\137\000s\000t\000a\000r\000t\000\137\000w\000i\000t\000h\000\137\000p\000a\000r\000a\000m\000s\000\050\000\051}{subsection.8.2.2}% 71
\BOOKMARK [3][-]{subsubsection.8.2.2.13}{\376\377\0008\000.\0002\000.\0002\000.\0001\0003\000\040\000e\000a\000s\000y\000\137\000s\000t\000a\000r\000t\000\137\000w\000i\000t\000h\000\137\000q\000u\000e\000s\000t\000i\000o\000n\000s\000\050\000\051}{subsection.8.2.2}% 72
\BOOKMARK [3][-]{subsubsection.8.2.2.14}{\376\377\0008\000.\0002\000.\0002\000.\0001\0004\000\040\000g\000e\000t\000\137\000o\000f\000f\000s\000e\000t\000\137\000a\000d\000r\000e\000s\000s\000\050\000\051}{subsection.8.2.2}% 73
\BOOKMARK [3][-]{subsubsection.8.2.2.15}{\376\377\0008\000.\0002\000.\0002\000.\0001\0005\000\040\000g\000e\000t\000\137\000s\000c\000a\000l\000e\000\137\000c\000o\000e\000f\000f\000\137\000a\000d\000r\000e\000s\000s\000\050\000\051}{subsection.8.2.2}% 74
\BOOKMARK [3][-]{subsubsection.8.2.2.16}{\376\377\0008\000.\0002\000.\0002\000.\0001\0006\000\040\000i\000s\000\137\000l\000o\000a\000d\000c\000e\000l\000l\000\137\000n\000u\000m\000\137\000i\000n\000\137\000r\000a\000n\000g\000e\000\050\000\051}{subsection.8.2.2}% 75
\BOOKMARK [3][-]{subsubsection.8.2.2.17}{\376\377\0008\000.\0002\000.\0002\000.\0001\0007\000\040\000n\000u\000m\000b\000e\000r\000\137\000o\000f\000\137\000l\000o\000a\000d\000c\000e\000l\000l\000s\000\050\000\051}{subsection.8.2.2}% 76
\BOOKMARK [3][-]{subsubsection.8.2.2.18}{\376\377\0008\000.\0002\000.\0002\000.\0001\0008\000\040\000r\000e\000a\000d\000\137\000o\000f\000f\000s\000e\000t\000\137\000f\000r\000o\000m\000\137\000e\000e\000p\000r\000o\000m\000\050\000\051}{subsection.8.2.2}% 77
\BOOKMARK [3][-]{subsubsection.8.2.2.19}{\376\377\0008\000.\0002\000.\0002\000.\0001\0009\000\040\000r\000e\000a\000d\000\137\000s\000c\000a\000l\000e\000\137\000c\000o\000e\000f\000f\000\137\000f\000r\000o\000m\000\137\000e\000e\000p\000r\000o\000m\000\050\000\051}{subsection.8.2.2}% 78
\BOOKMARK [3][-]{subsubsection.8.2.2.20}{\376\377\0008\000.\0002\000.\0002\000.\0002\0000\000\040\000s\000a\000v\000e\000\137\000o\000f\000f\000s\000e\000t\000\137\000e\000e\000p\000r\000o\000m\000\050\000\051}{subsection.8.2.2}% 79
\BOOKMARK [3][-]{subsubsection.8.2.2.21}{\376\377\0008\000.\0002\000.\0002\000.\0002\0001\000\040\000s\000a\000v\000e\000\137\000s\000c\000a\000l\000e\000\137\000c\000o\000e\000f\000f\000\137\000e\000e\000p\000r\000o\000m\000\050\000\051}{subsection.8.2.2}% 80
\BOOKMARK [2][-]{subsection.8.2.3}{\376\377\0008\000.\0002\000.\0003\000\040\000M\000e\000m\000b\000e\000r\000\040\000D\000a\000t\000a\000\040\000D\000o\000c\000u\000m\000e\000n\000t\000a\000t\000i\000o\000n}{section.8.2}% 81
\BOOKMARK [3][-]{subsubsection.8.2.3.1}{\376\377\0008\000.\0002\000.\0003\000.\0001\000\040\000l\000o\000a\000d\000c\000e\000l\000l\000s}{subsection.8.2.3}% 82
\BOOKMARK [3][-]{subsubsection.8.2.3.2}{\376\377\0008\000.\0002\000.\0003\000.\0002\000\040\000n\000\137\000l\000o\000a\000d\000c\000e\000l\000l}{subsection.8.2.3}% 83
\BOOKMARK [0][-]{chapter.9}{\376\377\0009\000\040\000F\000i\000l\000e\000\040\000D\000o\000c\000u\000m\000e\000n\000t\000a\000t\000i\000o\000n}{}% 84
\BOOKMARK [1][-]{section.9.1}{\376\377\0009\000.\0001\000\040\000L\000o\000a\000d\000C\000e\000l\000l\000C\000o\000n\000t\000r\000o\000l\000l\000e\000r\000l\000i\000b\000r\000a\000r\000y\000/\000L\000o\000a\000d\000C\000e\000l\000l\000C\000o\000n\000t\000r\000o\000l\000l\000e\000r\000.\000h\000\040\000F\000i\000l\000e\000\040\000R\000e\000f\000e\000r\000e\000n\000c\000e}{chapter.9}% 85
\BOOKMARK [1][-]{section.9.2}{\376\377\0009\000.\0002\000\040\000L\000o\000a\000d\000C\000e\000l\000l\000C\000o\000n\000t\000r\000o\000l\000l\000e\000r\000.\000h}{chapter.9}% 86
\BOOKMARK [1][-]{section.9.3}{\376\377\0009\000.\0003\000\040\000L\000o\000a\000d\000C\000e\000l\000l\000L\000i\000b\000r\000a\000r\000y\000/\000L\000o\000a\000d\000C\000e\000l\000l\000.\000h\000\040\000F\000i\000l\000e\000\040\000R\000e\000f\000e\000r\000e\000n\000c\000e}{chapter.9}% 87
\BOOKMARK [1][-]{section.9.4}{\376\377\0009\000.\0004\000\040\000L\000o\000a\000d\000C\000e\000l\000l\000.\000h}{chapter.9}% 88
