Importer Log Report
Document: C:\Users\Maxime\OneDrive - Université Laval\CERVO\Val\IntelligentCage\PCB\KiCAD\V2\20240611-SMARTCAGE-PCB-V2.kicad_sch
    Section : Loading Schematic - C:\Users\Maxime\OneDrive - Université Laval\CERVO\Val\IntelligentCage\PCB\KiCAD\V2\20240611-SMARTCAGE-PCB-V2.kicad_sch
        Warning: Unknown child 'generator_version' of 'kicad_sch'.
        Warning: Unknown child exclude_from_sim of symbol.
        Warning: Unknown child exclude_from_sim of symbol.
        Warning: Unknown child exclude_from_sim of symbol.
        Warning: Unknown child exclude_from_sim of symbol.
        Warning: Unknown child exclude_from_sim of symbol.
        Warning: Unknown child uuid of no_connect.
        Warning: Unknown child uuid of no_connect.
        Warning: Unknown child uuid of no_connect.
        Warning: Unknown child uuid of no_connect.
        Warning: Unknown child uuid of no_connect.
        Warning: Unknown child uuid of no_connect.
        Warning: Unknown child uuid of no_connect.
        Warning: Unknown child uuid of no_connect.
        Warning: Unknown child uuid of no_connect.
        Warning: Unknown child uuid of no_connect.
        Warning: Unknown child uuid of no_connect.
        Warning: Unknown child uuid of no_connect.
        Warning: Unknown child uuid of no_connect.
        Warning: Unknown child uuid of no_connect.
        Warning: Unknown child uuid of no_connect.
        Warning: Unknown child uuid of no_connect.
        Warning: Unknown child uuid of no_connect.
        Warning: Unknown child uuid of no_connect.
        Warning: Unknown child uuid of no_connect.
        Warning: Unknown child uuid of no_connect.
        Warning: Unknown child uuid of no_connect.
        Warning: Unknown child uuid of no_connect.
        Warning: Unknown child uuid of no_connect.
        Warning: Unknown child uuid of no_connect.
        Warning: Unknown child uuid of no_connect.
        Warning: Unknown child uuid of no_connect.
        Warning: Unknown child uuid of no_connect.
        Warning: Unknown child uuid of no_connect.
        Warning: Unknown child uuid of no_connect.
        Warning: Unknown child uuid of no_connect.
        Warning: Unknown child uuid of no_connect.
        Warning: Unknown child exclude_from_sim of symbol.
        Warning: Unknown child dnp of symbol.
        Warning: Unknown child instances of symbol.
        Warning: Unknown child exclude_from_sim of symbol.
        Warning: Unknown child dnp of symbol.
        Warning: Unknown child instances of symbol.
        Warning: Unknown child exclude_from_sim of symbol.
        Warning: Unknown child dnp of symbol.
        Warning: Unknown child instances of symbol.
        Warning: Unknown child exclude_from_sim of symbol.
        Warning: Unknown child dnp of symbol.
        Warning: Unknown child instances of symbol.
        Warning: Unknown child exclude_from_sim of symbol.
        Warning: Unknown child dnp of symbol.
        Warning: Unknown child instances of symbol.
        Warning: Unknown child exclude_from_sim of symbol.
        Warning: Unknown child dnp of symbol.
        Warning: Unknown child instances of symbol.
        Warning: Unknown child exclude_from_sim of symbol.
        Warning: Unknown child dnp of symbol.
        Warning: Unknown child instances of symbol.
        Warning: Unknown child exclude_from_sim of symbol.
        Warning: Unknown child dnp of symbol.
        Warning: Unknown child instances of symbol.
        Warning: Unknown child exclude_from_sim of symbol.
        Warning: Unknown child dnp of symbol.
        Warning: Unknown child instances of symbol.
    EndSection
    Section : Loading Schematic - C:\Users\Maxime\OneDrive - Université Laval\CERVO\Val\IntelligentCage\PCB\KiCAD\V2\20240611-SMARTCAGE-PCB-V2.kicad_sch
        Warning: Unknown child 'generator_version' of 'kicad_sch'.
        Warning: Unknown child exclude_from_sim of symbol.
        Warning: Unknown child exclude_from_sim of symbol.
        Warning: Unknown child exclude_from_sim of symbol.
        Warning: Unknown child exclude_from_sim of symbol.
        Warning: Unknown child exclude_from_sim of symbol.
        Warning: Unknown child uuid of no_connect.
        Warning: Unknown child uuid of no_connect.
        Warning: Unknown child uuid of no_connect.
        Warning: Unknown child uuid of no_connect.
        Warning: Unknown child uuid of no_connect.
        Warning: Unknown child uuid of no_connect.
        Warning: Unknown child uuid of no_connect.
        Warning: Unknown child uuid of no_connect.
        Warning: Unknown child uuid of no_connect.
        Warning: Unknown child uuid of no_connect.
        Warning: Unknown child uuid of no_connect.
        Warning: Unknown child uuid of no_connect.
        Warning: Unknown child uuid of no_connect.
        Warning: Unknown child uuid of no_connect.
        Warning: Unknown child uuid of no_connect.
        Warning: Unknown child uuid of no_connect.
        Warning: Unknown child uuid of no_connect.
        Warning: Unknown child uuid of no_connect.
        Warning: Unknown child uuid of no_connect.
        Warning: Unknown child uuid of no_connect.
        Warning: Unknown child uuid of no_connect.
        Warning: Unknown child uuid of no_connect.
        Warning: Unknown child uuid of no_connect.
        Warning: Unknown child uuid of no_connect.
        Warning: Unknown child uuid of no_connect.
        Warning: Unknown child uuid of no_connect.
        Warning: Unknown child uuid of no_connect.
        Warning: Unknown child uuid of no_connect.
        Warning: Unknown child uuid of no_connect.
        Warning: Unknown child uuid of no_connect.
        Warning: Unknown child uuid of no_connect.
        Warning: Unknown child exclude_from_sim of symbol.
        Warning: Unknown child dnp of symbol.
        Warning: Unknown child instances of symbol.
        Warning: Unknown child exclude_from_sim of symbol.
        Warning: Unknown child dnp of symbol.
        Warning: Unknown child instances of symbol.
        Warning: Unknown child exclude_from_sim of symbol.
        Warning: Unknown child dnp of symbol.
        Warning: Unknown child instances of symbol.
        Warning: Unknown child exclude_from_sim of symbol.
        Warning: Unknown child dnp of symbol.
        Warning: Unknown child instances of symbol.
        Warning: Unknown child exclude_from_sim of symbol.
        Warning: Unknown child dnp of symbol.
        Warning: Unknown child instances of symbol.
        Warning: Unknown child exclude_from_sim of symbol.
        Warning: Unknown child dnp of symbol.
        Warning: Unknown child instances of symbol.
        Warning: Unknown child exclude_from_sim of symbol.
        Warning: Unknown child dnp of symbol.
        Warning: Unknown child instances of symbol.
        Warning: Unknown child exclude_from_sim of symbol.
        Warning: Unknown child dnp of symbol.
        Warning: Unknown child instances of symbol.
        Warning: Unknown child exclude_from_sim of symbol.
        Warning: Unknown child dnp of symbol.
        Warning: Unknown child instances of symbol.
    EndSection
